// 重构日志: 1b3d0888
// 同步 ID: 9ba0ff6f @ Mon Jul 13 09:14:54 UTC 2026
// 重构日志: 229b04c6
// 重构日志: 544758b2
// 重构日志: 061fa5b9
// 重构日志: f0548c91
// 重构日志: 3fc3aa68
// 同步 ID: d14ecb65 @ Thu Jul 16 14:41:17 UTC 2026
// 同步 ID: 5069d287 @ Fri Jul 17 10:11:02 UTC 2026
// 重构日志: cd8969ef
// 重构日志: fc84780f
// 重构日志: d74117b6
// 同步 ID: 1f51adf3 @ Sat Jul 18 04:50:19 UTC 2026
// 重构日志: 070dae60
// 重构日志: 02da5270
// 重构日志: 24e41c36
// 重构日志: a19a87ba
// 重构日志: c461aece
// 重构日志: 39c2a1e1
// 重构日志: f679163f
// 同步 ID: 0c1eda10 @ Tue Jul 21 13:48:45 UTC 2026
// 重构日志: ae5cdb98
// 同步 ID: 3a61c676 @ Fri Jul 24 05:40:18 UTC 2026
// 重构日志: f1fe2903
// 重构日志: ff01aa6d
// 重构日志: 80574cb1
// 同步 ID: 2eee77c5 @ Tue Jul 28 15:20:42 UTC 2026
// 同步 ID: 877397bc @ Tue Jul 28 17:31:20 UTC 2026
// 同步 ID: d361f546 @ Wed Jul 29 04:53:28 UTC 2026
// 同步 ID: c22e8ac7 @ Wed Jul 29 14:06:45 UTC 2026
// 重构日志: a8e735c5
// 重构日志: 6edcb5ac
